../Core/Src/eth_driver.c:2510:27:HAL_ETH_Init	32	static
../Core/Src/eth_driver.c:2610:27:HAL_ETH_DeInit	16	static
../Core/Src/eth_driver.c:2634:21:HAL_ETH_MspInit	16	static
../Core/Src/eth_driver.c:2648:21:HAL_ETH_MspDeInit	16	static
../Core/Src/eth_driver.c:2691:14:HAL_ETH_IRQHandler	24	static
../Core/Src/eth_driver.c:2726:21:HAL_ETH_TxCpltCallback	16	static
../Core/Src/eth_driver.c:2740:21:HAL_ETH_RxCpltCallback	16	static
../Core/Src/eth_driver.c:2754:21:HAL_ETH_ErrorCallback	16	static
../Core/Src/eth_driver.c:2774:27:HAL_ETH_ReadPHYRegister	40	static
../Core/Src/eth_driver.c:2858:27:HAL_ETH_WritePHYRegister	40	static
../Core/Src/eth_driver.c:2962:27:HAL_ETH_Start	16	static
../Core/Src/eth_driver.c:3001:27:HAL_ETH_Stop	16	static
../Core/Src/eth_driver.c:3034:21:vRegisterDelay	16	static,ignoring_inline_asm
../Core/Src/eth_driver.c:3058:21:prvWriteMACFCR	16	static
../Core/Src/eth_driver.c:3074:21:prvWriteDMAOMR	16	static
../Core/Src/eth_driver.c:3090:21:prvWriteMACCR	16	static
../Core/Src/eth_driver.c:3113:27:HAL_ETH_ConfigMAC	24	static
../Core/Src/eth_driver.c:3266:27:HAL_ETH_ConfigDMA	24	static
../Core/Src/eth_driver.c:3369:30:HAL_ETH_GetState	16	static
../Core/Src/eth_driver.c:3394:21:ETH_MACDMAConfig	200	static
../Core/Src/eth_driver.c:3642:21:ETH_MACAddressConfig	32	static
../Core/Src/eth_driver.c:3671:21:ETH_MACTransmissionEnable	24	static
../Core/Src/eth_driver.c:3684:21:ETH_MACTransmissionDisable	24	static
../Core/Src/eth_driver.c:3697:21:ETH_MACReceptionEnable	24	static
../Core/Src/eth_driver.c:3710:21:ETH_MACReceptionDisable	24	static
../Core/Src/eth_driver.c:3723:21:ETH_DMATransmissionEnable	24	static
../Core/Src/eth_driver.c:3737:21:ETH_DMATransmissionDisable	24	static
../Core/Src/eth_driver.c:3751:21:ETH_DMAReceptionEnable	24	static
../Core/Src/eth_driver.c:3765:21:ETH_DMAReceptionDisable	24	static
../Core/Src/eth_driver.c:3779:21:ETH_FlushTransmitFIFO	24	static
