../Middlewares/Third_Party/FreeRTOS-Plus-TCP/include/FreeRTOS_Sockets.h:222:34:xSocketValid	24	static
../Middlewares/Third_Party/FreeRTOS-Plus-TCP/include/FreeRTOS_IP_Private.h:895:32:usChar2u16	16	static
../Middlewares/Third_Party/FreeRTOS-Plus-TCP/FreeRTOS_DNS.c:229:14:FreeRTOS_dnsclear	8	static
../Middlewares/Third_Party/FreeRTOS-Plus-TCP/FreeRTOS_DNS.c:262:23:vCastPointerTo_DNSMessage_t	16	static
../Middlewares/Third_Party/FreeRTOS-Plus-TCP/FreeRTOS_DNS.c:272:23:vCastConstPointerTo_DNSMessage_t	16	static
../Middlewares/Third_Party/FreeRTOS-Plus-TCP/FreeRTOS_DNS.c:295:23:vCastPointerTo_DNSTail_t	16	static
../Middlewares/Third_Party/FreeRTOS-Plus-TCP/FreeRTOS_DNS.c:317:23:vCastPointerTo_DNSAnswerRecord_t	16	static
../Middlewares/Third_Party/FreeRTOS-Plus-TCP/FreeRTOS_DNS.c:399:18:FreeRTOS_dnslookup	24	static
../Middlewares/Third_Party/FreeRTOS-Plus-TCP/FreeRTOS_DNS.c:627:18:FreeRTOS_gethostbyname	16	static
../Middlewares/Third_Party/FreeRTOS-Plus-TCP/FreeRTOS_DNS.c:677:25:prvPrepareLookup	48	static
../Middlewares/Third_Party/FreeRTOS-Plus-TCP/FreeRTOS_DNS.c:798:21:prvGetHostByName	96	static
../Middlewares/Third_Party/FreeRTOS-Plus-TCP/FreeRTOS_DNS.c:974:20:prvCreateDNSMessage	56	static
../Middlewares/Third_Party/FreeRTOS-Plus-TCP/FreeRTOS_DNS.c:1077:24:prvReadNameField	40	static
../Middlewares/Third_Party/FreeRTOS-Plus-TCP/FreeRTOS_DNS.c:1185:20:prvSkipNameField	32	static
../Middlewares/Third_Party/FreeRTOS-Plus-TCP/FreeRTOS_DNS.c:1264:14:ulDNSHandlePacket	24	static
../Middlewares/Third_Party/FreeRTOS-Plus-TCP/FreeRTOS_DNS.c:1331:22:prvParseDNSReply	376	static
../Middlewares/Third_Party/FreeRTOS-Plus-TCP/FreeRTOS_DNS.c:1887:21:prvCreateDNSSocket	24	static
../Middlewares/Third_Party/FreeRTOS-Plus-TCP/FreeRTOS_DNS.c:1994:27:prvProcessDNSCache	56	static,ignoring_inline_asm
